Archive member included to satisfy reference by file (symbol)

c:/program files/microchip/xc8/v2.36/avr/bin/../lib/gcc/avr/5.4.0/../../../../avr/lib/avr5/memx-const\libm.a(atan2f.o)
                              HAL/HMC5883L/HMC588L.o (atan2f)
c:/program files/microchip/xc8/v2.36/avr/bin/../lib/gcc/avr/5.4.0/../../../../avr/lib/avr5/memx-const\libm.a(atanf.o)
                              c:/program files/microchip/xc8/v2.36/avr/bin/../lib/gcc/avr/5.4.0/../../../../avr/lib/avr5/memx-const\libm.a(atan2f.o) (atanf)
c:/program files/microchip/xc8/v2.36/avr/bin/../lib/gcc/avr/5.4.0/../../../../avr/lib/avr5/memx-const\libm.a(addsf3.o)
                              HAL/HMC5883L/HMC588L.o (__subsf3)
c:/program files/microchip/xc8/v2.36/avr/bin/../lib/gcc/avr/5.4.0/../../../../avr/lib/avr5/memx-const\libm.a(addsf3x.o)
                              c:/program files/microchip/xc8/v2.36/avr/bin/../lib/gcc/avr/5.4.0/../../../../avr/lib/avr5/memx-const\libm.a(addsf3.o) (__addsf3x)
c:/program files/microchip/xc8/v2.36/avr/bin/../lib/gcc/avr/5.4.0/../../../../avr/lib/avr5/memx-const\libm.a(cmpsf2.o)
                              HAL/HMC5883L/HMC588L.o (__ltsf2)
c:/program files/microchip/xc8/v2.36/avr/bin/../lib/gcc/avr/5.4.0/../../../../avr/lib/avr5/memx-const\libm.a(divsf3.o)
                              HAL/HMC5883L/HMC588L.o (__divsf3)
c:/program files/microchip/xc8/v2.36/avr/bin/../lib/gcc/avr/5.4.0/../../../../avr/lib/avr5/memx-const\libm.a(divsf3x.o)
                              c:/program files/microchip/xc8/v2.36/avr/bin/../lib/gcc/avr/5.4.0/../../../../avr/lib/avr5/memx-const\libm.a(divsf3.o) (__divsf3x)
c:/program files/microchip/xc8/v2.36/avr/bin/../lib/gcc/avr/5.4.0/../../../../avr/lib/avr5/memx-const\libm.a(fixsfsi.o)
                              HAL/HMC5883L/HMC588L.o (__fixsfsi)
c:/program files/microchip/xc8/v2.36/avr/bin/../lib/gcc/avr/5.4.0/../../../../avr/lib/avr5/memx-const\libm.a(fixunssfsi.o)
                              c:/program files/microchip/xc8/v2.36/avr/bin/../lib/gcc/avr/5.4.0/../../../../avr/lib/avr5/memx-const\libm.a(fixsfsi.o) (__fixunssfsi)
c:/program files/microchip/xc8/v2.36/avr/bin/../lib/gcc/avr/5.4.0/../../../../avr/lib/avr5/memx-const\libm.a(floatsisf.o)
                              HAL/HMC5883L/HMC588L.o (__floatsisf)
c:/program files/microchip/xc8/v2.36/avr/bin/../lib/gcc/avr/5.4.0/../../../../avr/lib/avr5/memx-const\libm.a(fp_cmp.o)
                              c:/program files/microchip/xc8/v2.36/avr/bin/../lib/gcc/avr/5.4.0/../../../../avr/lib/avr5/memx-const\libm.a(cmpsf2.o) (__fp_cmp)
c:/program files/microchip/xc8/v2.36/avr/bin/../lib/gcc/avr/5.4.0/../../../../avr/lib/avr5/memx-const\libm.a(fp_inf.o)
                              c:/program files/microchip/xc8/v2.36/avr/bin/../lib/gcc/avr/5.4.0/../../../../avr/lib/avr5/memx-const\libm.a(addsf3x.o) (__fp_inf)
c:/program files/microchip/xc8/v2.36/avr/bin/../lib/gcc/avr/5.4.0/../../../../avr/lib/avr5/memx-const\libm.a(fp_nan.o)
                              c:/program files/microchip/xc8/v2.36/avr/bin/../lib/gcc/avr/5.4.0/../../../../avr/lib/avr5/memx-const\libm.a(addsf3x.o) (__fp_nan)
c:/program files/microchip/xc8/v2.36/avr/bin/../lib/gcc/avr/5.4.0/../../../../avr/lib/avr5/memx-const\libm.a(fp_pscA.o)
                              c:/program files/microchip/xc8/v2.36/avr/bin/../lib/gcc/avr/5.4.0/../../../../avr/lib/avr5/memx-const\libm.a(addsf3x.o) (__fp_pscA)
c:/program files/microchip/xc8/v2.36/avr/bin/../lib/gcc/avr/5.4.0/../../../../avr/lib/avr5/memx-const\libm.a(fp_pscB.o)
                              c:/program files/microchip/xc8/v2.36/avr/bin/../lib/gcc/avr/5.4.0/../../../../avr/lib/avr5/memx-const\libm.a(addsf3x.o) (__fp_pscB)
c:/program files/microchip/xc8/v2.36/avr/bin/../lib/gcc/avr/5.4.0/../../../../avr/lib/avr5/memx-const\libm.a(fp_round.o)
                              c:/program files/microchip/xc8/v2.36/avr/bin/../lib/gcc/avr/5.4.0/../../../../avr/lib/avr5/memx-const\libm.a(addsf3.o) (__fp_round)
c:/program files/microchip/xc8/v2.36/avr/bin/../lib/gcc/avr/5.4.0/../../../../avr/lib/avr5/memx-const\libm.a(fp_split3.o)
                              c:/program files/microchip/xc8/v2.36/avr/bin/../lib/gcc/avr/5.4.0/../../../../avr/lib/avr5/memx-const\libm.a(addsf3x.o) (__fp_split3)
c:/program files/microchip/xc8/v2.36/avr/bin/../lib/gcc/avr/5.4.0/../../../../avr/lib/avr5/memx-const\libm.a(fp_zero.o)
                              c:/program files/microchip/xc8/v2.36/avr/bin/../lib/gcc/avr/5.4.0/../../../../avr/lib/avr5/memx-const\libm.a(addsf3x.o) (__fp_zero)
c:/program files/microchip/xc8/v2.36/avr/bin/../lib/gcc/avr/5.4.0/../../../../avr/lib/avr5/memx-const\libm.a(gesf2.o)
                              HAL/HMC5883L/HMC588L.o (__gtsf2)
c:/program files/microchip/xc8/v2.36/avr/bin/../lib/gcc/avr/5.4.0/../../../../avr/lib/avr5/memx-const\libm.a(mulsf3.o)
                              HAL/HMC5883L/HMC588L.o (__mulsf3)
[...]
Memory Configuration

Name             Origin             Length             Attributes
text             0x0000000000000000 0x0000000000008000 xr
data             0x0000000000800060 0x0000000000000800 rw !x
eeprom           0x0000000000810000 0x0000000000000400 rw !x
fuse             0x0000000000820000 0x0000000000000002 rw !x
lock             0x0000000000830000 0x0000000000000400 rw !x
signature        0x0000000000840000 0x0000000000000400 rw !x
user_signatures  0x0000000000850000 0x0000000000000400 rw !x
*default*        0x0000000000000000 0xffffffffffffffff

Linker script and memory map

LOAD C:/Program Files (x86)/Atmel/Studio/7.0/Packs/atmel/ATmega_DFP/1.7.374/xc8/avr/lib/avr5/memx-const/crtatmega32.o
LOAD HAL/HMC5883L/HMC588L.o
LOAD HAL/HX711/hx711.o
LOAD HAL/IR/IR.o
LOAD HAL/LCD/liquid_crystal.o
LOAD HAL/MPU6050/MPU6050.o
LOAD main.o
LOAD MCAL/DIO/DIO_program.o
LOAD MCAL/I2C/I2C_Master.o
LOAD MCAL/I2C/lcd_i2c_master.o
LOAD MCAL/UART/UART_Program.o
START GROUP
LOAD c:/program files/microchip/xc8/v2.36/avr/bin/../lib/gcc/avr/5.4.0/../../../../avr/lib/avr5/memx-const\libm.a
END GROUP
START GROUP
LOAD c:/program files/microchip/xc8/v2.36/avr/bin/../lib/gcc/avr/5.4.0/avr5/memx-const\libgcc.a
LOAD c:/program files/microchip/xc8/v2.36/avr/bin/../lib/gcc/avr/5.4.0/../../../../avr/lib/avr5/memx-const\libm.a
LOAD c:/program files/microchip/xc8/v2.36/avr/bin/../lib/gcc/avr/5.4.0/../../../../avr/lib/avr5/memx-const\libc.a
LOAD C:/Program Files (x86)/Atmel/Studio/7.0/Packs/atmel/ATmega_DFP/1.7.374/xc8/avr/lib/avr5/memx-const\libatmega32.a
END GROUP
                0x0000000000000000                __TEXT_REGION_ORIGIN__ = DEFINED (__TEXT_REGION_ORIGIN__)?__TEXT_REGION_ORIGIN__:0x0
                [0x0000000000800060]                __DATA_REGION_ORIGIN__ = DEFINED (__DATA_REGION_ORIGIN__)?__DATA_REGION_ORIGIN__:0x800060
                [0x0000000000008000]                __TEXT_REGION_LENGTH__ = DEFINED (__TEXT_REGION_LENGTH__)?__TEXT_REGION_LENGTH__:0x20000
                [0x0000000000000800]                __DATA_REGION_LENGTH__ = DEFINED (__DATA_REGION_LENGTH__)?__DATA_REGION_LENGTH__:0xffa0
                [0x0000000000000400]                __EEPROM_REGION_LENGTH__ = DEFINED (__EEPROM_REGION_LENGTH__)?__EEPROM_REGION_LENGTH__:0x10000
                [0x0000000000000002]                __FUSE_REGION_LENGTH__ = DEFINED (__FUSE_REGION_LENGTH__)?__FUSE_REGION_LENGTH__:0x400
                0x0000000000000400                __LOCK_REGION_LENGTH__ = DEFINED (__LOCK_REGION_LENGTH__)?__LOCK_REGION_LENGTH__:0x400
                0x0000000000000400                __SIGNATURE_REGION_LENGTH__ = DEFINED (__SIGNATURE_REGION_LENGTH__)?__SIGNATURE_REGION_LENGTH__:0x400
                0x0000000000000400                __USER_SIGNATURE_REGION_LENGTH__ = DEFINED (__USER_SIGNATURE_REGION_LENGTH__)?__USER_SIGNATURE_REGION_LENGTH__:0x400

.hash
 *(.hash)

.dynsym
 *(.dynsym)

.dynstr
 *(.dynstr)

.gnu.version
 *(.gnu.version)

.gnu.version_d
 *(.gnu.version_d)

.gnu.version_r
 *(.gnu.version_r)

.rel.init
 *(.rel.init)

.rela.init
 *(.rela.init)

.rel.text
 *(.rel.text)
 *(.rel.text.*)
 *(.rel.gnu.linkonce.t*)

.rela.text
 *(.rela.text)
 *(.rela.text.*)
 *(.rela.gnu.linkonce.t*)

.rel.fini
 *(.rel.fini)

.rela.fini
 *(.rela.fini)

.rel.rodata
 *(.rel.rodata)
 *(.rel.rodata.*)
 *(.rel.gnu.linkonce.r*)

.rela.rodata
 *(.rela.rodata)
 *(.rela.rodata.*)
 *(.rela.gnu.linkonce.r*)

.rel.data
 *(.rel.data)
 *(.rel.data.*)
 *(.rel.gnu.linkonce.d*)

.rela.data
 *(.rela.data)
 *(.rela.data.*)
 *(.rela.gnu.linkonce.d*)

.rel.ctors
 *(.rel.ctors)

.rela.ctors
 *(.rela.ctors)

.rel.dtors
 *(.rel.dtors)

.rela.dtors
 *(.rela.dtors)

.rel.got
 *(.rel.got)

.rela.got
 *(.rela.got)

.rel.bss
 *(.rel.bss)

.rela.bss
 *(.rela.bss)

.rel.plt
 *(.rel.plt)

.rela.plt
 *(.rela.plt)

.text           0x0000000000000000       0xa8
 *(.vectors)
 .vectors       0x0000000000000000       0x54 C:/Program Files (x86)/Atmel/Studio/7.0/Packs/atmel/ATmega_DFP/1.7.374/xc8/avr/lib/avr5/memx-const/crtatmega32.o
                0x0000000000000000                __vector_default
                0x0000000000000000                __vectors
 *(.vectors)
 *(.progmem.gcc*)
 *(.dinit)
 .dinit         0x0000000000000054        0x0 data_init
                0x0000000000000054                . = ALIGN (0x2)
                0x0000000000000054                __trampolines_start = .
 *(.trampolines)
 .trampolines   0x0000000000000054        0x0 linker stubs
 *(.trampolines*)
                0x0000000000000054                __trampolines_end = .
 *libprintf_flt.a:*(.progmem.data)
 *libc.a:*(.progmem.data)
                0x0000000000000054                . = ALIGN (0x2)
 *(.jumptables)
 *(.jumptables*)
 *(.lowtext)
 *(.lowtext*)
                0x0000000000000054                __ctors_start = .
 *(.ctors)
                0x0000000000000054                __ctors_end = .
                0x0000000000000054                __dtors_start = .
 *(.dtors)
                0x0000000000000054                __dtors_end = .
 SORT(*)(.ctors)
 SORT(*)(.dtors)
 *(.init0)
 .init0         0x0000000000000054        0x0 C:/Program Files (x86)/Atmel/Studio/7.0/Packs/atmel/ATmega_DFP/1.7.374/xc8/avr/lib/avr5/memx-const/crtatmega32.o
                0x0000000000000054                __init
 *(.init0)
 *(.init1)
 *(.init1)
 *(.init2)
 .init2         0x0000000000000054        0xc C:/Program Files (x86)/Atmel/Studio/7.0/Packs/atmel/ATmega_DFP/1.7.374/xc8/avr/lib/avr5/memx-const/crtatmega32.o
 *(.init2)
 *(.init3)
 *(.init3)
 *(.init4)
 .init4         0x0000000000000060       0x3c c:/program files/microchip/xc8/v2.36/avr/bin/../lib/gcc/avr/5.4.0/avr5/memx-const\libgcc.a(_copy_data.o)
                0x0000000000000060                __do_copy_data
                0x000000000000008e                __do_clear_bss
 *(.init4)
 *(.init5)
 *(.init5)
 *(.init6)
 *(.init6)
 *(.init7)
 *(.init7)
 *(.init8)
 *(.init8)
 *(.init9)
 .init9         0x000000000000009c        0x8 C:/Program Files (x86)/Atmel/Studio/7.0/Packs/atmel/ATmega_DFP/1.7.374/xc8/avr/lib/avr5/memx-const/crtatmega32.o
 *(.init9)
                0x00000000000000a4                . = ALIGN (0x2)
 *(.fini9)
 .fini9         0x00000000000000a4        0x0 c:/program files/microchip/xc8/v2.36/avr/bin/../lib/gcc/avr/5.4.0/avr5/memx-const\libgcc.a(_exit.o)
                0x00000000000000a4                _exit
 *(.fini9)
 *(.fini8)
 *(.fini8)
 *(.fini7)
 *(.fini7)
 *(.fini6)
 *(.fini6)
 *(.fini5)
 *(.fini5)
 *(.fini4)
 *(.fini4)
 *(.fini3)
 *(.fini3)
 *(.fini2)
 *(.fini2)
 *(.fini1)
 *(.fini1)
 *(.fini0)
 .fini0         0x00000000000000a4        0x4 c:/program files/microchip/xc8/v2.36/avr/bin/../lib/gcc/avr/5.4.0/avr5/memx-const\libgcc.a(_exit.o)
 *(.fini0)
                0x00000000000000a8                _etext = .

.data           0x0000000000800060        0x0 load address 0x00000000000000a8
                [!provide]                        PROVIDE (__data_start, .)
 *(.gnu.linkonce.d*)
 *(.gnu.linkonce.r*)
                0x0000000000800060                . = ALIGN (0x2)
                0x0000000000800060                _edata = .
                [!provide]                        PROVIDE (__data_end, .)

.bss            0x0000000000800060        0x0
                [!provide]                        PROVIDE (__bss_start, .)
 *(COMMON)
                [!provide]                        PROVIDE (__bss_end, .)
                0x00000000000000a8                __data_load_start = LOADADDR (.data)
                0x00000000000000a8                __data_load_end = (__data_load_start + SIZEOF (.data))

.noinit         0x0000000000800060        0x0
                [!provide]                        PROVIDE (__noinit_start, .)
 *(.noinit*)
                [!provide]                        PROVIDE (__noinit_end, .)
                0x0000000000800060                _end = .

.eeprom         0x0000000000810000        0x0
 *(.eeprom*)
                0x0000000000810000                __eeprom_end = .

.fuse
 *(.fuse)
 *(.lfuse)
 *(.hfuse)
 *(.efuse)

.lock
 *(.lock*)

.signature
 *(.signature*)

.user_signatures
 *(.user_signatures*)

.stab
 *(.stab)

.stabstr
 *(.stabstr)

.stab.excl
 *(.stab.excl)

.stab.exclstr
 *(.stab.exclstr)

.stab.index
 *(.stab.index)

.stab.indexstr
 *(.stab.indexstr)

.comment        0x0000000000000000       0x2f
 *(.comment)
 .comment       0x0000000000000000       0x2f HAL/HMC5883L/HMC588L.o
                                         0x30 (size before relaxing)
 .comment       0x000000000000002f       0x30 HAL/IR/IR.o
 .comment       0x000000000000002f       0x30 HAL/MPU6050/MPU6050.o
 .comment       0x000000000000002f       0x30 main.o
 .comment       0x000000000000002f       0x30 MCAL/DIO/DIO_program.o
 .comment       0x000000000000002f       0x30 MCAL/I2C/I2C_Master.o
 .comment       0x000000000000002f       0x30 MCAL/UART/UART_Program.o
 .comment       0x000000000000002f       0x30 c:/program files/microchip/xc8/v2.36/avr/bin/../lib/gcc/avr/5.4.0/../../../../avr/lib/avr5/memx-const\libc.a(exit.o)
 .comment       0x000000000000002f       0x30 c:/program files/microchip/xc8/v2.36/avr/bin/../lib/gcc/avr/5.4.0/../../../../avr/lib/avr5/memx-const\libc.a(_Exit.o)

.note.GNU-stack
                0x0000000000000000        0x0
 .note.GNU-stack
                0x0000000000000000        0x0 c:/program files/microchip/xc8/v2.36/avr/bin/../lib/gcc/avr/5.4.0/../../../../avr/lib/avr5/memx-const\libc.a(exit.o)
 .note.GNU-stack
                0x0000000000000000        0x0 c:/program files/microchip/xc8/v2.36/avr/bin/../lib/gcc/avr/5.4.0/../../../../avr/lib/avr5/memx-const\libc.a(_Exit.o)

.stack.descriptors.hdr
                0x0000000000000000        0xe
 .stack.descriptors.hdr
                0x0000000000000000        0xe c:/program files/microchip/xc8/v2.36/avr/bin/../lib/gcc/avr/5.4.0/avr5/memx-const\libgcc.a(_exit.o)

.note.gnu.build-id
 *(.note.gnu.build-id)

.debug
 *(.debug)

.line
 *(.line)

.debug_srcinfo
 *(.debug_srcinfo)

.debug_sfnames
 *(.debug_sfnames)

.debug_aranges  0x0000000000000000      0x178
 *(.debug_aranges)
 .debug_aranges
                0x0000000000000000       0x28 HAL/HMC5883L/HMC588L.o
 .debug_aranges
                0x0000000000000028       0x20 HAL/IR/IR.o
 .debug_aranges
                0x0000000000000048       0x38 HAL/MPU6050/MPU6050.o
 .debug_aranges
                0x0000000000000080       0x20 main.o
 .debug_aranges
                0x00000000000000a0       0x40 MCAL/DIO/DIO_program.o
 .debug_aranges
                0x00000000000000e0       0x58 MCAL/I2C/I2C_Master.o
 .debug_aranges
                0x0000000000000138       0x40 MCAL/UART/UART_Program.o

.debug_pubnames
 *(.debug_pubnames)

.debug_info     0x0000000000000000     0x2627
 *(.debug_info .gnu.linkonce.wi.*)
 .debug_info    0x0000000000000000      0x4e6 C:/Program Files (x86)/Atmel/Studio/7.0/Packs/atmel/ATmega_DFP/1.7.374/xc8/avr/lib/avr5/memx-const/crtatmega32.o
 .debug_info    0x00000000000004e6      0x4c0 HAL/HMC5883L/HMC588L.o
 .debug_info    0x00000000000009a6      0x2f0 HAL/IR/IR.o
 .debug_info    0x0000000000000c96      0x7a2 HAL/MPU6050/MPU6050.o
 .debug_info    0x0000000000001438      0x549 main.o
 .debug_info    0x0000000000001981      0x435 MCAL/DIO/DIO_program.o
 .debug_info    0x0000000000001db6      0x43f MCAL/I2C/I2C_Master.o
 .debug_info    0x00000000000021f5      0x432 MCAL/UART/UART_Program.o

.debug_abbrev   0x0000000000000000      0xafb
 *(.debug_abbrev)
 .debug_abbrev  0x0000000000000000      0x4a3 C:/Program Files (x86)/Atmel/Studio/7.0/Packs/atmel/ATmega_DFP/1.7.374/xc8/avr/lib/avr5/memx-const/crtatmega32.o
 .debug_abbrev  0x00000000000004a3       0xe5 HAL/HMC5883L/HMC588L.o
 .debug_abbrev  0x0000000000000588       0x73 HAL/IR/IR.o
 .debug_abbrev  0x00000000000005fb      0x130 HAL/MPU6050/MPU6050.o
 .debug_abbrev  0x000000000000072b      0x122 main.o
 .debug_abbrev  0x000000000000084d       0xb8 MCAL/DIO/DIO_program.o
 .debug_abbrev  0x0000000000000905       0xca MCAL/I2C/I2C_Master.o
 .debug_abbrev  0x00000000000009cf      0x12c MCAL/UART/UART_Program.o

.debug_line     0x0000000000000000      0xc4d
 *(.debug_line .debug_line.* .debug_line_end)
 .debug_line    0x0000000000000000      0x119 C:/Program Files (x86)/Atmel/Studio/7.0/Packs/atmel/ATmega_DFP/1.7.374/xc8/avr/lib/avr5/memx-const/crtatmega32.o
 .debug_line    0x0000000000000119      0x131 HAL/HMC5883L/HMC588L.o
 .debug_line    0x000000000000024a       0x84 HAL/IR/IR.o
 .debug_line    0x00000000000002ce      0x25e HAL/MPU6050/MPU6050.o
 .debug_line    0x000000000000052c      0x168 main.o
 .debug_line    0x0000000000000694      0x1e7 MCAL/DIO/DIO_program.o
 .debug_line    0x000000000000087b      0x2a7 MCAL/I2C/I2C_Master.o
 .debug_line    0x0000000000000b22      0x12b MCAL/UART/UART_Program.o

.debug_frame    0x0000000000000000      0x294
 *(.debug_frame)
 .debug_frame   0x0000000000000000       0x5c HAL/HMC5883L/HMC588L.o
 .debug_frame   0x000000000000005c       0x24 HAL/IR/IR.o
 .debug_frame   0x0000000000000080       0x60 HAL/MPU6050/MPU6050.o
 .debug_frame   0x00000000000000e0       0x24 main.o
 .debug_frame   0x0000000000000104       0x64 MCAL/DIO/DIO_program.o
 .debug_frame   0x0000000000000168       0x9c MCAL/I2C/I2C_Master.o
 .debug_frame   0x0000000000000204       0x90 MCAL/UART/UART_Program.o

.debug_str      0x0000000000000000      0x2e9
 *(.debug_str)
 .debug_str     0x0000000000000000      0x196 C:/Program Files (x86)/Atmel/Studio/7.0/Packs/atmel/ATmega_DFP/1.7.374/xc8/avr/lib/avr5/memx-const/crtatmega32.o
 .debug_str     0x0000000000000196       0x5a HAL/HMC5883L/HMC588L.o
 .debug_str     0x00000000000001f0       0x2a HAL/IR/IR.o
 .debug_str     0x000000000000021a       0x59 HAL/MPU6050/MPU6050.o
 .debug_str     0x0000000000000273       0x42 main.o
 .debug_str     0x00000000000002b5       0x11 MCAL/DIO/DIO_program.o
 .debug_str     0x00000000000002c6       0x1b MCAL/I2C/I2C_Master.o
 .debug_str     0x00000000000002e1        0x8 MCAL/UART/UART_Program.o

.debug_loc      0x0000000000000000      0x732
 *(.debug_loc)
 .debug_loc     0x0000000000000000       0xcb HAL/HMC5883L/HMC588L.o
 .debug_loc     0x00000000000000cb       0x77 HAL/MPU6050/MPU6050.o
 .debug_loc     0x0000000000000142       0x48 main.o
 .debug_loc     0x000000000000018a      0x2d7 MCAL/DIO/DIO_program.o
 .debug_loc     0x0000000000000461      0x1d7 MCAL/I2C/I2C_Master.o
 .debug_loc     0x0000000000000638       0xfa MCAL/UART/UART_Program.o

.debug_macinfo
 *(.debug_macinfo)

.debug_weaknames
 *(.debug_weaknames)

.debug_funcnames
 *(.debug_funcnames)

.debug_typenames
 *(.debug_typenames)

.debug_varnames
 *(.debug_varnames)

.debug_pubtypes
 *(.debug_pubtypes)

.debug_ranges   0x0000000000000000      0x108
 *(.debug_ranges)
 .debug_ranges  0x0000000000000000       0x18 HAL/HMC5883L/HMC588L.o
 .debug_ranges  0x0000000000000018       0x10 HAL/IR/IR.o
 .debug_ranges  0x0000000000000028       0x28 HAL/MPU6050/MPU6050.o
 .debug_ranges  0x0000000000000050       0x10 main.o
 .debug_ranges  0x0000000000000060       0x30 MCAL/DIO/DIO_program.o
 .debug_ranges  0x0000000000000090       0x48 MCAL/I2C/I2C_Master.o
 .debug_ranges  0x00000000000000d8       0x30 MCAL/UART/UART_Program.o

.debug_macro
 *(.debug_macro)
OUTPUT(LCD_I2C.elf elf32-avr)
LOAD linker stubs
LOAD data_init

.note.gnu.avr.deviceinfo
                0x0000000000000000       0x3c
 .note.gnu.avr.deviceinfo
                0x0000000000000000       0x3c C:/Program Files (x86)/Atmel/Studio/7.0/Packs/atmel/ATmega_DFP/1.7.374/xc8/avr/lib/avr5/memx-const/crtatmega32.o

.progmemx.data  0x00000000000000a8        0x8
 .progmemx.data
                0x00000000000000a8        0x8 main.o

.text.DIO_voidSetPinDirection
                0x00000000000000b0       0xec
 .text.DIO_voidSetPinDirection
                0x00000000000000b0       0xec MCAL/DIO/DIO_program.o
                0x00000000000000b0                DIO_voidSetPinDirection

.text.MPU6050_Init
                0x000000000000019c       0x86
 .text.MPU6050_Init
                0x000000000000019c       0x86 HAL/MPU6050/MPU6050.o
                0x000000000000019c                MPU6050_Init

.text.DIO_u8GetPinValue
                0x0000000000000222       0x6c
 .text.DIO_u8GetPinValue
                0x0000000000000222       0x6c MCAL/DIO/DIO_program.o
                0x0000000000000222                DIO_u8GetPinValue

.text.main      0x000000000000028e       0x50
 .text.main     0x000000000000028e       0x50 main.o
                0x000000000000028e                main

.text.I2C_Start
                0x00000000000002de       0x3a
 .text.I2C_Start
                0x00000000000002de       0x3a MCAL/I2C/I2C_Master.o
                0x00000000000002de                I2C_Start

.text.I2C_Start_Wait
                0x0000000000000318       0x34
 .text.I2C_Start_Wait
                0x0000000000000318       0x34 MCAL/I2C/I2C_Master.o
                0x0000000000000318                I2C_Start_Wait

.text.UART_send_string
                0x000000000000034c       0x2c
 .text.UART_send_string
                0x000000000000034c       0x2c MCAL/UART/UART_Program.o
                0x000000000000034c                UART_send_string

.text.I2C_Write
                0x0000000000000378       0x24
 .text.I2C_Write
                0x0000000000000378       0x24 MCAL/I2C/I2C_Master.o
                0x0000000000000378                I2C_Write

.text.IR_Triggered
                0x000000000000039c       0x22
 .text.IR_Triggered
                0x000000000000039c       0x22 HAL/IR/IR.o
                0x000000000000039c                IR_Triggered

.text.Magneto_init
                0x00000000000003be       0x18
 .text.Magneto_init
                0x00000000000003be       0x18 HAL/HMC5883L/HMC588L.o
                0x00000000000003be                Magneto_init

.text.exit      0x00000000000003d6       0x16
 .text.exit     0x00000000000003d6       0x16 c:/program files/microchip/xc8/v2.36/avr/bin/../lib/gcc/avr/5.4.0/../../../../avr/lib/avr5/memx-const\libc.a(exit.o)
                0x00000000000003d6                exit

.text.UART_init
                0x00000000000003ec       0x10
 .text.UART_init
                0x00000000000003ec       0x10 MCAL/UART/UART_Program.o
                0x00000000000003ec                UART_init

.text.I2C_Stop  0x00000000000003fc        0xc
 .text.I2C_Stop
                0x00000000000003fc        0xc MCAL/I2C/I2C_Master.o
                0x00000000000003fc                I2C_Stop

.text.I2C_Init  0x0000000000000408        0x8
 .text.I2C_Init
                0x0000000000000408        0x8 MCAL/I2C/I2C_Master.o
                0x0000000000000408                I2C_Init

.text.UART_send_byte
                0x0000000000000410        0x8
 .text.UART_send_byte
                0x0000000000000410        0x8 MCAL/UART/UART_Program.o
                0x0000000000000410                UART_send_byte

.text           0x0000000000000418        0x4
 .text          0x0000000000000418        0x4 C:/Program Files (x86)/Atmel/Studio/7.0/Packs/atmel/ATmega_DFP/1.7.374/xc8/avr/lib/avr5/memx-const/crtatmega32.o
                0x0000000000000418                __vector_1
                0x0000000000000418                __vector_12
                0x0000000000000418                __bad_interrupt
                0x0000000000000418                __vector_6
                0x0000000000000418                __vector_3
                0x0000000000000418                __vector_11
                0x0000000000000418                __vector_13
                0x0000000000000418                __vector_17
                0x0000000000000418                __vector_19
                0x0000000000000418                __vector_7
                0x0000000000000418                __vector_5
                0x0000000000000418                __vector_4
                0x0000000000000418                __vector_9
                0x0000000000000418                __vector_2
                0x0000000000000418                __vector_15
                0x0000000000000418                __vector_8
                0x0000000000000418                __vector_14
                0x0000000000000418                __vector_10
                0x0000000000000418                __vector_16
                0x0000000000000418                __vector_18
                0x0000000000000418                __vector_20

.text._Exit     0x000000000000041c        0x4
 .text._Exit    0x000000000000041c        0x4 c:/program files/microchip/xc8/v2.36/avr/bin/../lib/gcc/avr/5.4.0/../../../../avr/lib/avr5/memx-const\libc.a(_Exit.o)
                0x000000000000041c                _Exit

.text.__dummy_fini
                0x0000000000000420        0x2
 .text.__dummy_fini
                0x0000000000000420        0x2 c:/program files/microchip/xc8/v2.36/avr/bin/../lib/gcc/avr/5.4.0/../../../../avr/lib/avr5/memx-const\libc.a(exit.o)
                0x0000000000000420                _fini

.text.__dummy_funcs_on_exit
                0x0000000000000422        0x2
 .text.__dummy_funcs_on_exit
                0x0000000000000422        0x2 c:/program files/microchip/xc8/v2.36/avr/bin/../lib/gcc/avr/5.4.0/../../../../avr/lib/avr5/memx-const\libc.a(exit.o)
                0x0000000000000422                __funcs_on_exit

.text.__dummy_simulator_exit
                0x0000000000000424        0x2
 .text.__dummy_simulator_exit
                0x0000000000000424        0x2 c:/program files/microchip/xc8/v2.36/avr/bin/../lib/gcc/avr/5.4.0/../../../../avr/lib/avr5/memx-const\libc.a(exit.o)
                0x0000000000000424                __simulator_exit
